\BOOKMARK [0][-]{chapter.1}{Downloads and Video Links}{}% 1
\BOOKMARK [1][-]{section.1.1}{Obtaining kOS itself}{chapter.1}% 2
\BOOKMARK [1][-]{section.1.2}{Change Log}{chapter.1}% 3
\BOOKMARK [1][-]{section.1.3}{Show and Tell, and Tutorials}{chapter.1}% 4
\BOOKMARK [0][-]{chapter.2}{Tutorials}{}% 5
\BOOKMARK [1][-]{section.2.1}{Quick Start Tutorial}{chapter.2}% 6
\BOOKMARK [1][-]{section.2.2}{Design Patterns and Considerations with kOS}{chapter.2}% 7
\BOOKMARK [1][-]{section.2.3}{PID Loops in kOS}{chapter.2}% 8
\BOOKMARK [1][-]{section.2.4}{Advanced Tutorial}{chapter.2}% 9
\BOOKMARK [1][-]{section.2.5}{Introductory}{chapter.2}% 10
\BOOKMARK [1][-]{section.2.6}{Intermediate}{chapter.2}% 11
\BOOKMARK [0][-]{chapter.3}{Community Examples Library}{}% 12
\BOOKMARK [0][-]{chapter.4}{General Topics}{}% 13
\BOOKMARK [1][-]{section.4.1}{Catalog of Bound Variable Names}{chapter.4}% 14
\BOOKMARK [1][-]{section.4.2}{CPU Vessel \(SHIP\)}{chapter.4}% 15
\BOOKMARK [1][-]{section.4.3}{The kOS CPU hardware}{chapter.4}% 16
\BOOKMARK [1][-]{section.4.4}{kOS Control Panel}{chapter.4}% 17
\BOOKMARK [1][-]{section.4.5}{The kOS Telnet Server}{chapter.4}% 18
\BOOKMARK [1][-]{section.4.6}{Files and Volumes}{chapter.4}% 19
\BOOKMARK [1][-]{section.4.7}{KerboScript Machine Code}{chapter.4}% 20
\BOOKMARK [1][-]{section.4.8}{The Name Tag System}{chapter.4}% 21
\BOOKMARK [1][-]{section.4.9}{Ship Parts and PartModules}{chapter.4}% 22
\BOOKMARK [1][-]{section.4.10}{Career Limits}{chapter.4}% 23
\BOOKMARK [0][-]{chapter.5}{The KerboScript Language}{}% 24
\BOOKMARK [1][-]{section.5.1}{General Features of the KerboScript Language}{chapter.5}% 25
\BOOKMARK [1][-]{section.5.2}{KerboScript Syntax Specification}{chapter.5}% 26
\BOOKMARK [1][-]{section.5.3}{Flow Control}{chapter.5}% 27
\BOOKMARK [1][-]{section.5.4}{Variables \046 Statements}{chapter.5}% 28
\BOOKMARK [1][-]{section.5.5}{KerboScript User Functions}{chapter.5}% 29
\BOOKMARK [0][-]{chapter.6}{Mathematics and Basic Geometry}{}% 30
\BOOKMARK [1][-]{section.6.1}{Fundamental Constants}{chapter.6}% 31
\BOOKMARK [1][-]{section.6.2}{Mathematical Functions}{chapter.6}% 32
\BOOKMARK [1][-]{section.6.3}{Vectors}{chapter.6}% 33
\BOOKMARK [1][-]{section.6.4}{Directions}{chapter.6}% 34
\BOOKMARK [1][-]{section.6.5}{Geographic Coordinates}{chapter.6}% 35
\BOOKMARK [1][-]{section.6.6}{Reference Frames}{chapter.6}% 36
\BOOKMARK [0][-]{chapter.7}{Command Reference}{}% 37
\BOOKMARK [1][-]{section.7.1}{Flight Control}{chapter.7}% 38
\BOOKMARK [1][-]{section.7.2}{Predictions of Flight Path}{chapter.7}% 39
\BOOKMARK [1][-]{section.7.3}{LIST Command}{chapter.7}% 40
\BOOKMARK [1][-]{section.7.4}{Querying a vessel's parts}{chapter.7}% 41
\BOOKMARK [1][-]{section.7.5}{File I/O}{chapter.7}% 42
\BOOKMARK [1][-]{section.7.6}{Terminal and game environment}{chapter.7}% 43
\BOOKMARK [1][-]{section.7.7}{Transferring resources}{chapter.7}% 44
\BOOKMARK [0][-]{chapter.8}{Structure Reference}{}% 45
\BOOKMARK [1][-]{section.8.1}{Orbits}{chapter.8}% 46
\BOOKMARK [1][-]{section.8.2}{Celestial Bodies}{chapter.8}% 47
\BOOKMARK [1][-]{section.8.3}{Vessels and Parts}{chapter.8}% 48
\BOOKMARK [1][-]{section.8.4}{Waypoints}{chapter.8}% 49
\BOOKMARK [1][-]{section.8.5}{Configurations and Miscellany}{chapter.8}% 50
\BOOKMARK [1][-]{section.8.6}{Core}{chapter.8}% 51
\BOOKMARK [0][-]{chapter.9}{Addon Reference}{}% 52
\BOOKMARK [1][-]{section.9.1}{Action Groups Extended}{chapter.9}% 53
\BOOKMARK [1][-]{section.9.2}{RemoteTech}{chapter.9}% 54
\BOOKMARK [1][-]{section.9.3}{Kerbal Alarm Clock}{chapter.9}% 55
\BOOKMARK [1][-]{section.9.4}{Infernal Robotics}{chapter.9}% 56
\BOOKMARK [1][-]{section.9.5}{ADDONS:AGX:AVAILABLE}{chapter.9}% 57
\BOOKMARK [1][-]{section.9.6}{ADDONS:RT:AVAILABLE}{chapter.9}% 58
\BOOKMARK [1][-]{section.9.7}{ADDONS:KAC:AVAILABLE}{chapter.9}% 59
\BOOKMARK [1][-]{section.9.8}{ADDONS:IR:AVAILABLE}{chapter.9}% 60
\BOOKMARK [0][-]{chapter.10}{Contribute}{}% 61
\BOOKMARK [1][-]{section.10.1}{How to Contribute to this Project}{chapter.10}% 62
\BOOKMARK [1][-]{section.10.2}{How to Edit this Documentation}{chapter.10}% 63
\BOOKMARK [0][-]{chapter.11}{Changes from version to version}{}% 64
\BOOKMARK [1][-]{section.11.1}{Changes in 0.17.3}{chapter.11}% 65
\BOOKMARK [1][-]{section.11.2}{Changes in 0.17.0}{chapter.11}% 66
\BOOKMARK [0][-]{chapter.12}{About kOS and KerboScript}{}% 67
\BOOKMARK [0][-]{chapter.13}{Introduction to kOS and KerboScript}{}% 68
\BOOKMARK [1][-]{section.13.1}{Installation}{chapter.13}% 69
\BOOKMARK [1][-]{section.13.2}{KerboScript}{chapter.13}% 70
\BOOKMARK [0][-]{chapter.14}{Indices and tables}{}% 71
